// Jest Snapshot v1, https://goo.gl/fbAQLP

exports[`Button render correctly 1`] = `
<a
  className="sc-bdnxRM fOkGYp"
/>
`;
