// Jest Snapshot v1, https://goo.gl/fbAQLP

exports[`CardWrapper render correctly 1`] = `
<div
  className="sc-bdnxRM cejDTm"
/>
`;
