// Jest Snapshot v1, https://goo.gl/fbAQLP

exports[`Container render correctly 1`] = `
<div
  className="sc-bdnxRM dmHvCG"
/>
`;
