// Jest Snapshot v1, https://goo.gl/fbAQLP

exports[`Main render correctly 1`] = `
<div
  className="sc-bdnxRM dXKYll"
/>
`;
