// Jest Snapshot v1, https://goo.gl/fbAQLP

exports[`TopWrapper render correctly 1`] = `
<div
  className="sc-bdnxRM hThiVe"
/>
`;
