// Jest Snapshot v1, https://goo.gl/fbAQLP

exports[`Wrapper render correctly 1`] = `
<div
  className="sc-bdnxRM lmFpMk"
/>
`;
